// Vitest Snapshot v1, https://vitest.dev/guide/snapshot.html

exports[`reporter.mjs > snapshot of formatted report 1`] = `
"Cooldown days: 7

Packages eligible for update:
- lodash (dependency) ^4.0.0 -> ^5.0.0 [withinCooldown=false, ignoreCooldown=false, major=true]

Packages with major updates available:
- lodash (dependency) ^4.0.0 -> ^5.0.0 [majorAllowed=true]"
`;
